// Jest Snapshot v1, https://goo.gl/fbAQLP

exports[`Pruebas en <PrimeraApp /> debe de mostar <PrimeraApp /> correctamente 1`] = `
<Fragment>
  <h1>
    Hola Mundo desde un const
  </h1>
  <p>
    Soy un subtitulo
  </p>
</Fragment>
`;
